Loaded 186 flops for simulation.
Scenarios: HU_BB_3bet, HU_BTN_vs_BB, HU_limp_raised, HU_limped  (402 solves to run)

Processing Scenario: HU_BB_3bet  (heads-up: BTN opens 2.5bb, BB 3bets to 10bb, BTN calls)

Processing Scenario: HU_BTN_vs_BB  (heads-up: BTN opens 2.5bb, BB calls)
  [156/186] Solving Kc,5c,5d (weight 0.003801)...
      done in 261s (avg 261s, ~29.1h left for 401 solves)
  [157/186] Solving 4h,3c,3d (weight 0.003258)...
      done in 298s (avg 279s, ~31.0h left for 400 solves)
  [158/186] Solving Kh,4c,4d (weight 0.003258)...
      done in 357s (avg 305s, ~33.8h left for 399 solves)
  [159/186] Solving Ah,Jd,Tc (weight 0.003258)...
      done in 470s (avg 346s, ~38.3h left for 398 solves)
  [160/186] Solving 7h,4d,3c (weight 0.003258)...
      done in 432s (avg 364s, ~40.1h left for 397 solves)
  [161/186] Solving Qh,Jd,Tc (weight 0.003258)...
      done in 409s (avg 371s, ~40.8h left for 396 solves)
  [162/186] Solving 5h,4d,3c (weight 0.003258)...
      done in 445s (avg 382s, ~41.9h left for 395 solves)
  [163/186] Solving Jh,Td,3c (weight 0.003258)...
      done in 407s (avg 385s, ~42.1h left for 394 solves)
  [164/186] Solving 9h,4d,3c (weight 0.003258)...
      done in 373s (avg 384s, ~41.9h left for 393 solves)
  [165/186] Solving Ah,4d,3c (weight 0.003258)...
      done in 430s (avg 388s, ~42.3h left for 392 solves)
  [166/186] Solving Ah,Kd,Qc (weight 0.003258)...
      done in 467s (avg 395s, ~43.0h left for 391 solves)
  [167/186] Solving Th,9d,8c (weight 0.003258)...
      done in 384s (avg 395s, ~42.7h left for 390 solves)
  [168/186] Solving Tc,5c,5d (weight 0.003258)...
      done in 262s (avg 384s, ~41.5h left for 389 solves)
  [169/186] Solving 4c,3c,3d (weight 0.003258)...
      done in 245s (avg 374s, ~40.3h left for 388 solves)
  [170/186] Solving 5c,4c,4d (weight 0.003258)...
      done in 278s (avg 368s, ~39.6h left for 387 solves)
  [171/186] Solving 9d,7c,6c (weight 0.003258)...
      done in 230s (avg 359s, ~38.5h left for 386 solves)
  [172/186] Solving Kd,5c,2c (weight 0.003258)...
      done in 316s (avg 357s, ~38.2h left for 385 solves)
  [173/186] Solving Qd,Jc,6c (weight 0.003258)...
      done in 231s (avg 350s, ~37.3h left for 384 solves)
  [174/186] Solving Ad,Qc,8c (weight 0.003258)...
      done in 232s (avg 344s, ~36.6h left for 383 solves)
  [175/186] Solving Qd,Jc,9c (weight 0.003258)...
      done in 230s (avg 338s, ~35.9h left for 382 solves)
  [176/186] Solving Jd,Tc,5c (weight 0.003258)...
      done in 214s (avg 332s, ~35.1h left for 381 solves)
  [177/186] Solving Qd,Jc,8c (weight 0.003258)...
      done in 230s (avg 327s, ~34.6h left for 380 solves)
  [178/186] Solving Jd,5c,4c (weight 0.003258)...
      done in 216s (avg 323s, ~34.0h left for 379 solves)
  [179/186] Solving 6d,5c,2c (weight 0.003258)...
      done in 263s (avg 320s, ~33.6h left for 378 solves)
  [180/186] Solving Qd,9c,6c (weight 0.003258)...
      done in 232s (avg 317s, ~33.2h left for 377 solves)
  [181/186] Solving Qd,Tc,5c (weight 0.003258)...
      done in 234s (avg 313s, ~32.7h left for 376 solves)
  [182/186] Solving 8c,8d,8h (weight 0.002353)...
      done in 179s (avg 308s, ~32.1h left for 375 solves)
  [183/186] Solving Jh,3d,2c (weight 0.002172)...
      done in 356s (avg 310s, ~32.2h left for 374 solves)
  [184/186] Solving 5c,4c,2c (weight 0.001810)...
      done in 116s (avg 303s, ~31.4h left for 373 solves)
  [185/186] Solving 4d,3c,2c (weight 0.001629)...
      done in 261s (avg 302s, ~31.2h left for 372 solves)
  [186/186] Solving 4h,3d,2c (weight 0.001086)...
      done in 414s (avg 306s, ~31.5h left for 371 solves)

Processing Scenario: HU_limp_raised  (heads-up: BTN limps, BB raises to 4bb, BTN calls)
  [1/186] Solving 9h,6d,4c (weight 0.008688)...
      done in 115s (avg 300s, ~30.8h left for 370 solves)
  [2/186] Solving Jh,9d,4c (weight 0.008688)...
      done in 97s (avg 294s, ~30.1h left for 369 solves)
  [3/186] Solving Qc,8c,4c (weight 0.008145)...
      done in 36s (avg 286s, ~29.2h left for 368 solves)
  [4/186] Solving Qd,9c,3c (weight 0.008145)...
      done in 60s (avg 280s, ~28.5h left for 367 solves)
  [5/186] Solving Ad,4c,2c (weight 0.008145)...
      done in 61s (avg 273s, ~27.8h left for 366 solves)
  [6/186] Solving Ad,7c,3c (weight 0.008145)...
      done in 60s (avg 268s, ~27.1h left for 365 solves)
  [7/186] Solving 9d,8c,3c (weight 0.008145)...
      done in 73s (avg 263s, ~26.5h left for 364 solves)
  [8/186] Solving 8d,7c,3c (weight 0.008145)...
      done in 68s (avg 258s, ~26.0h left for 363 solves)
  [9/186] Solving Td,8c,5c (weight 0.008145)...
      done in 67s (avg 253s, ~25.4h left for 362 solves)
  [10/186] Solving Kd,8c,6c (weight 0.008145)...
      done in 61s (avg 248s, ~24.9h left for 361 solves)
  [11/186] Solving Qd,5c,3c (weight 0.008145)...
      done in 57s (avg 244s, ~24.4h left for 360 solves)
  [12/186] Solving Kd,Qc,8c (weight 0.008145)...
      done in 64s (avg 239s, ~23.9h left for 359 solves)
  [13/186] Solving Ad,6c,5c (weight 0.008145)...
      done in 60s (avg 235s, ~23.4h left for 358 solves)
  [14/186] Solving Kd,7c,3c (weight 0.008145)...
      done in 72s (avg 232s, ~23.0h left for 357 solves)
  [15/186] Solving 6h,4c,4d (weight 0.007602)...
      done in 80s (avg 228s, ~22.6h left for 356 solves)
  [16/186] Solving 9h,6c,6d (weight 0.007602)...
      done in 77s (avg 225s, ~22.2h left for 355 solves)
  [17/186] Solving Kh,7d,5c (weight 0.007602)...
      done in 113s (avg 223s, ~21.9h left for 354 solves)
  [18/186] Solving Jh,7d,5c (weight 0.007602)...
      done in 98s (avg 220s, ~21.6h left for 353 solves)
  [19/186] Solving Ah,8d,3c (weight 0.007602)...
      done in 89s (avg 218s, ~21.3h left for 352 solves)
  [20/186] Solving Ah,Qd,6c (weight 0.007602)...
      done in 93s (avg 215s, ~21.0h left for 351 solves)
  [21/186] Solving Jh,9d,7c (weight 0.007602)...
      done in 121s (avg 213s, ~20.7h left for 350 solves)
  [22/186] Solving 7h,5d,3c (weight 0.007602)...
      done in 102s (avg 211s, ~20.5h left for 349 solves)
  [23/186] Solving Qh,5d,3c (weight 0.007602)...
      done in 84s (avg 209s, ~20.2h left for 348 solves)
  [24/186] Solving Ah,Td,5c (weight 0.007602)...
      done in 110s (avg 207s, ~20.0h left for 347 solves)
  [25/186] Solving Jc,Jd,7c (weight 0.007602)...
      done in 69s (avg 205s, ~19.7h left for 346 solves)
  [26/186] Solving 9c,6c,6d (weight 0.007602)...
      done in 66s (avg 202s, ~19.4h left for 345 solves)
  [27/186] Solving Qc,Qd,8c (weight 0.007602)...
      done in 62s (avg 200s, ~19.1h left for 344 solves)
  [28/186] Solving Td,Th,7c (weight 0.007059)...
      done in 79s (avg 198s, ~18.8h left for 343 solves)
  [29/186] Solving Ac,Qc,7c (weight 0.006878)...
      done in 34s (avg 195s, ~18.5h left for 342 solves)
  [30/186] Solving Jc,8c,5c (weight 0.006516)...
      done in 35s (avg 192s, ~18.2h left for 341 solves)
  [31/186] Solving Jd,Jh,7c (weight 0.006516)...
      done in 79s (avg 191s, ~18.0h left for 340 solves)
  [32/186] Solving Qd,Qh,7c (weight 0.006516)...
      done in 59s (avg 188s, ~17.7h left for 339 solves)
  [33/186] Solving 8h,6c,6d (weight 0.006516)...
      done in 79s (avg 187s, ~17.5h left for 338 solves)
  [34/186] Solving 6h,4d,2c (weight 0.006516)...
      done in 116s (avg 186s, ~17.4h left for 337 solves)
  [35/186] Solving Qh,7d,3c (weight 0.006516)...
      done in 91s (avg 184s, ~17.2h left for 336 solves)
  [36/186] Solving Th,4d,2c (weight 0.006516)...
      done in 124s (avg 183s, ~17.1h left for 335 solves)
  [37/186] Solving 8h,4d,2c (weight 0.006516)...
      done in 118s (avg 182s, ~16.9h left for 334 solves)
  [38/186] Solving Kh,9d,5c (weight 0.006516)...
      done in 105s (avg 181s, ~16.8h left for 333 solves)
  [39/186] Solving Ah,Jd,3c (weight 0.006516)...
      done in 104s (avg 180s, ~16.6h left for 332 solves)
  [40/186] Solving Kh,9d,3c (weight 0.006516)...
      done in 105s (avg 179s, ~16.5h left for 331 solves)
  [41/186] Solving Ah,8d,6c (weight 0.006516)...
      done in 89s (avg 178s, ~16.3h left for 330 solves)
  [42/186] Solving Qh,Td,7c (weight 0.006516)...
      done in 95s (avg 177s, ~16.1h left for 329 solves)
  [43/186] Solving Kh,Jd,7c (weight 0.006516)...
      done in 88s (avg 176s, ~16.0h left for 328 solves)
  [44/186] Solving 8c,6c,6d (weight 0.006516)...
      done in 74s (avg 174s, ~15.8h left for 327 solves)
  [45/186] Solving Jd,7c,4c (weight 0.006516)...
      done in 77s (avg 173s, ~15.7h left for 326 solves)
  [46/186] Solving 6d,4c,3c (weight 0.006516)...
      done in 70s (avg 172s, ~15.5h left for 325 solves)
  [47/186] Solving Td,6c,5c (weight 0.006516)...
      done in 78s (avg 170s, ~15.3h left for 324 solves)
  [48/186] Solving Jd,Tc,7c (weight 0.006516)...
      done in 70s (avg 169s, ~15.2h left for 323 solves)
  [49/186] Solving Ad,8c,6c (weight 0.006516)...
      done in 55s (avg 168s, ~15.0h left for 322 solves)
  [50/186] Solving Ad,Qc,6c (weight 0.006516)...
      done in 68s (avg 166s, ~14.8h left for 321 solves)
  [51/186] Solving Kd,Qc,Tc (weight 0.006516)...
      done in 58s (avg 165s, ~14.7h left for 320 solves)
  [52/186] Solving Kd,Jc,6c (weight 0.006516)...
      done in 65s (avg 164s, ~14.5h left for 319 solves)
  [53/186] Solving Td,6c,3c (weight 0.006516)...
      done in 68s (avg 163s, ~14.4h left for 318 solves)
  [54/186] Solving 8d,6c,5c (weight 0.006516)...
      done in 68s (avg 162s, ~14.2h left for 317 solves)
  [55/186] Solving Kd,Tc,3c (weight 0.006516)...
      done in 78s (avg 161s, ~14.1h left for 316 solves)
  [56/186] Solving 9d,5c,4c (weight 0.006516)...
      done in 62s (avg 160s, ~14.0h left for 315 solves)
  [57/186] Solving Qd,7c,5c (weight 0.006516)...
      done in 80s (avg 159s, ~13.8h left for 314 solves)
  [58/186] Solving 9d,7c,5c (weight 0.006516)...
      done in 66s (avg 158s, ~13.7h left for 313 solves)
  [59/186] Solving 7d,5c,2c (weight 0.006516)...
      done in 69s (avg 157s, ~13.6h left for 312 solves)
  [60/186] Solving Ad,Qc,Tc (weight 0.006516)...
      done in 66s (avg 156s, ~13.4h left for 311 solves)
  [61/186] Solving Ad,Tc,8c (weight 0.006516)...
      done in 68s (avg 155s, ~13.3h left for 310 solves)
  [62/186] Solving Kd,Qc,3c (weight 0.006516)...
      done in 69s (avg 154s, ~13.2h left for 309 solves)
  [63/186] Solving Kd,Tc,8c (weight 0.006516)...
      done in 94s (avg 153s, ~13.1h left for 308 solves)
  [64/186] Solving Kc,Jc,6c (weight 0.006154)...
      done in 31s (avg 152s, ~12.9h left for 307 solves)
  [65/186] Solving Ac,Ad,Jc (weight 0.005973)...
      done in 65s (avg 151s, ~12.8h left for 306 solves)
  [66/186] Solving 7h,5c,5d (weight 0.005430)...
      done in 75s (avg 150s, ~12.7h left for 305 solves)
  [67/186] Solving Ah,Qc,Qd (weight 0.005430)...
      done in 62s (avg 149s, ~12.6h left for 304 solves)
  [68/186] Solving Th,9d,3c (weight 0.005430)...
      done in 122s (avg 149s, ~12.5h left for 303 solves)
  [69/186] Solving 8h,7d,5c (weight 0.005430)...
      done in 135s (avg 149s, ~12.5h left for 302 solves)
  [70/186] Solving Kh,Qd,Tc (weight 0.005430)...
      done in 108s (avg 148s, ~12.4h left for 301 solves)
  [71/186] Solving Kh,Jd,2c (weight 0.005430)...
      done in 117s (avg 148s, ~12.3h left for 300 solves)
  [72/186] Solving Ah,6d,5c (weight 0.005430)...
      done in 89s (avg 148s, ~12.3h left for 299 solves)
  [73/186] Solving Ah,Kd,3c (weight 0.005430)...
      crashed after 4s; retrying without isomorphism
      done in 115s (avg 147s, ~12.2h left for 298 solves)
  [74/186] Solving Qh,9d,3c (weight 0.005430)...
      done in 104s (avg 147s, ~12.1h left for 297 solves)
  [75/186] Solving Kh,6d,2c (weight 0.005430)...
      done in 90s (avg 146s, ~12.0h left for 296 solves)
  [76/186] Solving Qh,Jd,5c (weight 0.005430)...
      done in 102s (avg 146s, ~12.0h left for 295 solves)
  [77/186] Solving Th,7d,3c (weight 0.005430)...
      done in 115s (avg 146s, ~11.9h left for 294 solves)
  [78/186] Solving Kh,4d,3c (weight 0.005430)...
      done in 84s (avg 145s, ~11.8h left for 293 solves)
  [79/186] Solving 9h,8d,3c (weight 0.005430)...
      done in 107s (avg 145s, ~11.7h left for 292 solves)
  [80/186] Solving Kh,9d,8c (weight 0.005430)...
      done in 130s (avg 145s, ~11.7h left for 291 solves)
  [81/186] Solving Jh,7d,3c (weight 0.005430)...
      done in 91s (avg 144s, ~11.6h left for 290 solves)
  [82/186] Solving Qh,7d,6c (weight 0.005430)...
      done in 89s (avg 144s, ~11.5h left for 289 solves)
  [83/186] Solving 9h,8d,6c (weight 0.005430)...
      done in 113s (avg 143s, ~11.5h left for 288 solves)
  [84/186] Solving Ah,6d,3c (weight 0.005430)...
      crashed after 4s; retrying without isomorphism
      done in 102s (avg 143s, ~11.4h left for 287 solves)
  [85/186] Solving Kh,Qd,5c (weight 0.005430)...
      done in 141s (avg 143s, ~11.4h left for 286 solves)
  [86/186] Solving Ah,Qd,9c (weight 0.005430)...
      done in 98s (avg 143s, ~11.3h left for 285 solves)
  [87/186] Solving Th,8d,5c (weight 0.005430)...
      done in 99s (avg 142s, ~11.2h left for 284 solves)
  [88/186] Solving Kc,Kd,4c (weight 0.005430)...
      done in 70s (avg 142s, ~11.1h left for 283 solves)
  [89/186] Solving 7c,5c,5d (weight 0.005430)...
      done in 63s (avg 141s, ~11.0h left for 282 solves)
  [90/186] Solving Kc,Kd,Tc (weight 0.005430)...
      done in 72s (avg 140s, ~11.0h left for 281 solves)
  [91/186] Solving Tc,Td,6c (weight 0.005430)...
      done in 74s (avg 140s, ~10.9h left for 280 solves)
  [92/186] Solving Qc,4c,4d (weight 0.005430)...
      done in 73s (avg 139s, ~10.8h left for 279 solves)
  [93/186] Solving Ac,7c,4c (weight 0.005068)...
      crashed after 4s; retrying without isomorphism
      done in 93s (avg 139s, ~10.7h left for 278 solves)
  [94/186] Solving Tc,7c,4c (weight 0.005068)...
      done in 36s (avg 138s, ~10.6h left for 277 solves)
  [95/186] Solving Kh,Jc,Jd (weight 0.004887)...
      done in 74s (avg 138s, ~10.5h left for 276 solves)
  [96/186] Solving Jh,4c,4d (weight 0.004887)...
      done in 68s (avg 137s, ~10.5h left for 275 solves)
  [97/186] Solving Kd,8c,3c (weight 0.004887)...
      done in 61s (avg 136s, ~10.4h left for 274 solves)
  [98/186] Solving 8d,4c,3c (weight 0.004887)...
      done in 68s (avg 136s, ~10.3h left for 273 solves)
  [99/186] Solving Ad,Jc,8c (weight 0.004887)...
      done in 62s (avg 135s, ~10.2h left for 272 solves)
  [100/186] Solving Td,8c,3c (weight 0.004887)...
      done in 67s (avg 135s, ~10.1h left for 271 solves)
  [101/186] Solving Kd,Tc,7c (weight 0.004887)...
      done in 73s (avg 134s, ~10.1h left for 270 solves)
  [102/186] Solving Qd,9c,8c (weight 0.004887)...
      done in 58s (avg 134s, ~10.0h left for 269 solves)
  [103/186] Solving Ad,Jc,3c (weight 0.004887)...
      done in 63s (avg 133s, ~9.9h left for 268 solves)
  [104/186] Solving 9d,4c,3c (weight 0.004887)...
      done in 68s (avg 133s, ~9.8h left for 267 solves)
  [105/186] Solving 7d,4c,3c (weight 0.004887)...
      done in 69s (avg 132s, ~9.8h left for 266 solves)
  [106/186] Solving 5d,4c,3c (weight 0.004887)...
      done in 64s (avg 132s, ~9.7h left for 265 solves)
  [107/186] Solving Kd,Qc,5c (weight 0.004887)...
      done in 69s (avg 131s, ~9.6h left for 264 solves)
  [108/186] Solving Qd,4c,3c (weight 0.004887)...
      done in 57s (avg 131s, ~9.6h left for 263 solves)
  [109/186] Solving Qd,8c,5c (weight 0.004887)...
      done in 75s (avg 130s, ~9.5h left for 262 solves)
  [110/186] Solving Jd,4c,3c (weight 0.004887)...
      done in 68s (avg 130s, ~9.4h left for 261 solves)
  [111/186] Solving Jd,Tc,3c (weight 0.004887)...
      done in 79s (avg 130s, ~9.4h left for 260 solves)
  [112/186] Solving Td,7c,4c (weight 0.004887)...
      done in 80s (avg 129s, ~9.3h left for 259 solves)
  [113/186] Solving Qd,Jc,3c (weight 0.004887)...
      done in 65s (avg 129s, ~9.2h left for 258 solves)
  [114/186] Solving Kd,6c,5c (weight 0.004887)...
      done in 67s (avg 128s, ~9.2h left for 257 solves)
  [115/186] Solving Ad,Tc,3c (weight 0.004887)...
      done in 64s (avg 128s, ~9.1h left for 256 solves)
  [116/186] Solving Ad,Kc,3c (weight 0.004887)...
      done in 68s (avg 128s, ~9.0h left for 255 solves)
  [117/186] Solving Qd,Tc,3c (weight 0.004887)...
      done in 71s (avg 127s, ~9.0h left for 254 solves)
  [118/186] Solving Jd,Tc,9c (weight 0.004887)...
      done in 72s (avg 127s, ~8.9h left for 253 solves)
  [119/186] Solving 7d,6c,5c (weight 0.004887)...
      done in 80s (avg 126s, ~8.9h left for 252 solves)
  [120/186] Solving Ad,Kc,Jc (weight 0.004887)...
      done in 71s (avg 126s, ~8.8h left for 251 solves)
  [121/186] Solving Kd,4c,3c (weight 0.004887)...
      done in 57s (avg 126s, ~8.7h left for 250 solves)
  [122/186] Solving Td,9c,8c (weight 0.004887)...
      done in 54s (avg 125s, ~8.7h left for 249 solves)
  [123/186] Solving Ad,Tc,6c (weight 0.004887)...
      done in 63s (avg 125s, ~8.6h left for 248 solves)
  [124/186] Solving Jd,8c,7c (weight 0.004887)...
      done in 77s (avg 124s, ~8.5h left for 247 solves)
  [125/186] Solving Td,4c,3c (weight 0.004887)...
      done in 68s (avg 124s, ~8.5h left for 246 solves)
  [126/186] Solving Kd,9c,4c (weight 0.004887)...
      done in 65s (avg 124s, ~8.4h left for 245 solves)
  [127/186] Solving Ad,9c,3c (weight 0.004887)...
      done in 59s (avg 123s, ~8.4h left for 244 solves)
  [128/186] Solving Jd,8c,3c (weight 0.004887)...
      done in 81s (avg 123s, ~8.3h left for 243 solves)
  [129/186] Solving Ad,Kc,6c (weight 0.004887)...
      done in 68s (avg 123s, ~8.2h left for 242 solves)
  [130/186] Solving 8d,5c,3c (weight 0.004887)...
      done in 58s (avg 122s, ~8.2h left for 241 solves)
  [131/186] Solving Jd,6c,3c (weight 0.004887)...
      done in 67s (avg 122s, ~8.1h left for 240 solves)
  [132/186] Solving Ad,Kc,8c (weight 0.004887)...
      done in 71s (avg 122s, ~8.1h left for 239 solves)
  [133/186] Solving Jd,9c,4c (weight 0.004887)...
      done in 65s (avg 121s, ~8.0h left for 238 solves)
  [134/186] Solving Qd,7c,3c (weight 0.004887)...
      done in 55s (avg 121s, ~8.0h left for 237 solves)
  [135/186] Solving Ad,Qc,3c (weight 0.004887)...
      done in 68s (avg 121s, ~7.9h left for 236 solves)
  [136/186] Solving Jd,6c,4c (weight 0.004887)...
      done in 66s (avg 120s, ~7.8h left for 235 solves)
  [137/186] Solving Td,9c,3c (weight 0.004887)...
      done in 60s (avg 120s, ~7.8h left for 234 solves)
  [138/186] Solving 9d,6c,3c (weight 0.004887)...
      done in 62s (avg 120s, ~7.7h left for 233 solves)
  [139/186] Solving Qd,Tc,8c (weight 0.004887)...
      done in 54s (avg 119s, ~7.7h left for 232 solves)
  [140/186] Solving Ad,8c,3c (weight 0.004887)...
      done in 55s (avg 119s, ~7.6h left for 231 solves)
  [141/186] Solving 8c,6c,4c (weight 0.004525)...
      done in 36s (avg 118s, ~7.6h left for 230 solves)
  [142/186] Solving Qh,6c,6d (weight 0.004344)...
      done in 81s (avg 118s, ~7.5h left for 229 solves)
  [143/186] Solving Th,7d,5c (weight 0.004344)...
      done in 113s (avg 118s, ~7.5h left for 228 solves)
  [144/186] Solving Qh,9d,6c (weight 0.004344)...
      done in 121s (avg 118s, ~7.4h left for 227 solves)
  [145/186] Solving Ah,Jd,8c (weight 0.004344)...
      done in 100s (avg 118s, ~7.4h left for 226 solves)
  [146/186] Solving Jh,5d,3c (weight 0.004344)...
      done in 115s (avg 118s, ~7.4h left for 225 solves)
  [147/186] Solving 8h,7d,3c (weight 0.004344)...
      done in 123s (avg 118s, ~7.3h left for 224 solves)
  [148/186] Solving Qh,Jd,3c (weight 0.004344)...
      done in 117s (avg 118s, ~7.3h left for 223 solves)
  [149/186] Solving Ac,5c,5d (weight 0.004344)...
      done in 55s (avg 118s, ~7.3h left for 222 solves)
  [150/186] Solving 6c,4c,4d (weight 0.004344)...
      done in 63s (avg 117s, ~7.2h left for 221 solves)
  [151/186] Solving Kc,6c,3c (weight 0.003801)...
      done in 33s (avg 117s, ~7.1h left for 220 solves)
  [152/186] Solving 9c,6c,3c (weight 0.003801)...
      done in 35s (avg 116s, ~7.1h left for 219 solves)
  [153/186] Solving Ad,Ah,5c (weight 0.003801)...
      done in 52s (avg 116s, ~7.0h left for 218 solves)
  [154/186] Solving Kd,Kh,5c (weight 0.003801)...
      done in 69s (avg 116s, ~7.0h left for 217 solves)
  [155/186] Solving Ah,5c,5d (weight 0.003801)...
      done in 60s (avg 115s, ~6.9h left for 216 solves)
  [156/186] Solving Kc,5c,5d (weight 0.003801)...
      done in 60s (avg 115s, ~6.9h left for 215 solves)
  [157/186] Solving 4h,3c,3d (weight 0.003258)...
      done in 86s (avg 115s, ~6.8h left for 214 solves)
  [158/186] Solving Kh,4c,4d (weight 0.003258)...
      done in 62s (avg 115s, ~6.8h left for 213 solves)
  [159/186] Solving Ah,Jd,Tc (weight 0.003258)...
      done in 83s (avg 115s, ~6.7h left for 212 solves)
  [160/186] Solving 7h,4d,3c (weight 0.003258)...
      done in 101s (avg 115s, ~6.7h left for 211 solves)
  [161/186] Solving Qh,Jd,Tc (weight 0.003258)...
      done in 117s (avg 115s, ~6.7h left for 210 solves)
  [162/186] Solving 5h,4d,3c (weight 0.003258)...
      done in 126s (avg 115s, ~6.7h left for 209 solves)
  [163/186] Solving Jh,Td,3c (weight 0.003258)...
      done in 88s (avg 114s, ~6.6h left for 208 solves)
  [164/186] Solving 9h,4d,3c (weight 0.003258)...
      done in 134s (avg 115s, ~6.6h left for 207 solves)
  [165/186] Solving Ah,4d,3c (weight 0.003258)...
      done in 122s (avg 115s, ~6.6h left for 206 solves)
  [166/186] Solving Ah,Kd,Qc (weight 0.003258)...
      crashed after 5s; retrying without isomorphism
      done in 113s (avg 115s, ~6.5h left for 205 solves)
  [167/186] Solving Th,9d,8c (weight 0.003258)...
      done in 86s (avg 114s, ~6.5h left for 204 solves)
  [168/186] Solving Tc,5c,5d (weight 0.003258)...
      done in 56s (avg 114s, ~6.4h left for 203 solves)
  [169/186] Solving 4c,3c,3d (weight 0.003258)...
      done in 73s (avg 114s, ~6.4h left for 202 solves)
  [170/186] Solving 5c,4c,4d (weight 0.003258)...
      done in 73s (avg 114s, ~6.4h left for 201 solves)
  [171/186] Solving 9d,7c,6c (weight 0.003258)...
      done in 70s (avg 114s, ~6.3h left for 200 solves)
  [172/186] Solving Kd,5c,2c (weight 0.003258)...
      done in 61s (avg 113s, ~6.3h left for 199 solves)
  [173/186] Solving Qd,Jc,6c (weight 0.003258)...
      done in 75s (avg 113s, ~6.2h left for 198 solves)
  [174/186] Solving Ad,Qc,8c (weight 0.003258)...
      done in 66s (avg 113s, ~6.2h left for 197 solves)
  [175/186] Solving Qd,Jc,9c (weight 0.003258)...
      done in 52s (avg 113s, ~6.1h left for 196 solves)
  [176/186] Solving Jd,Tc,5c (weight 0.003258)...
      done in 69s (avg 112s, ~6.1h left for 195 solves)
  [177/186] Solving Qd,Jc,8c (weight 0.003258)...
      done in 58s (avg 112s, ~6.0h left for 194 solves)
  [178/186] Solving Jd,5c,4c (weight 0.003258)...
      done in 61s (avg 112s, ~6.0h left for 193 solves)
  [179/186] Solving 6d,5c,2c (weight 0.003258)...
      done in 62s (avg 112s, ~6.0h left for 192 solves)
  [180/186] Solving Qd,9c,6c (weight 0.003258)...
      done in 53s (avg 111s, ~5.9h left for 191 solves)
  [181/186] Solving Qd,Tc,5c (weight 0.003258)...
      done in 63s (avg 111s, ~5.9h left for 190 solves)
  [182/186] Solving 8c,8d,8h (weight 0.002353)...
      done in 39s (avg 111s, ~5.8h left for 189 solves)
  [183/186] Solving Jh,3d,2c (weight 0.002172)...
      done in 89s (avg 111s, ~5.8h left for 188 solves)
  [184/186] Solving 5c,4c,2c (weight 0.001810)...
      done in 41s (avg 110s, ~5.7h left for 187 solves)
  [185/186] Solving 4d,3c,2c (weight 0.001629)...
      done in 83s (avg 110s, ~5.7h left for 186 solves)
  [186/186] Solving 4h,3d,2c (weight 0.001086)...
      done in 91s (avg 110s, ~5.7h left for 185 solves)

Processing Scenario: HU_limped  (heads-up: BTN limps, BB checks)
  [2/186] Solving Jh,9d,4c (weight 0.008688)...
      done in 267s (avg 111s, ~5.7h left for 184 solves)
  [3/186] Solving Qc,8c,4c (weight 0.008145)...
      done in 89s (avg 111s, ~5.6h left for 183 solves)
  [4/186] Solving Qd,9c,3c (weight 0.008145)...
      done in 172s (avg 111s, ~5.6h left for 182 solves)
  [5/186] Solving Ad,4c,2c (weight 0.008145)...
      done in 191s (avg 111s, ~5.6h left for 181 solves)
  [6/186] Solving Ad,7c,3c (weight 0.008145)...
      done in 190s (avg 112s, ~5.6h left for 180 solves)
  [7/186] Solving 9d,8c,3c (weight 0.008145)...
      done in 157s (avg 112s, ~5.6h left for 179 solves)
  [8/186] Solving 8d,7c,3c (weight 0.008145)...
      done in 157s (avg 112s, ~5.5h left for 178 solves)
  [9/186] Solving Td,8c,5c (weight 0.008145)...
      done in 157s (avg 112s, ~5.5h left for 177 solves)
  [10/186] Solving Kd,8c,6c (weight 0.008145)...
      done in 174s (avg 113s, ~5.5h left for 176 solves)
  [11/186] Solving Qd,5c,3c (weight 0.008145)...
      done in 174s (avg 113s, ~5.5h left for 175 solves)
  [12/186] Solving Kd,Qc,8c (weight 0.008145)...
      done in 158s (avg 113s, ~5.5h left for 174 solves)
  [13/186] Solving Ad,6c,5c (weight 0.008145)...
      done in 158s (avg 113s, ~5.4h left for 173 solves)
  [14/186] Solving Kd,7c,3c (weight 0.008145)...
      done in 174s (avg 114s, ~5.4h left for 172 solves)
  [15/186] Solving 6h,4c,4d (weight 0.007602)...
      done in 209s (avg 114s, ~5.4h left for 171 solves)
  [16/186] Solving 9h,6c,6d (weight 0.007602)...
      done in 191s (avg 114s, ~5.4h left for 170 solves)
  [17/186] Solving Kh,7d,5c (weight 0.007602)...
      done in 266s (avg 115s, ~5.4h left for 169 solves)
  [18/186] Solving Jh,7d,5c (weight 0.007602)...
      done in 238s (avg 115s, ~5.4h left for 168 solves)
  [19/186] Solving Ah,8d,3c (weight 0.007602)...
      done in 293s (avg 116s, ~5.4h left for 167 solves)
  [20/186] Solving Ah,Qd,6c (weight 0.007602)...
      done in 270s (avg 117s, ~5.4h left for 166 solves)
  [21/186] Solving Jh,9d,7c (weight 0.007602)...
      done in 269s (avg 118s, ~5.4h left for 165 solves)
  [22/186] Solving 7h,5d,3c (weight 0.007602)...
      done in 292s (avg 118s, ~5.4h left for 164 solves)
  [23/186] Solving Qh,5d,3c (weight 0.007602)...
      done in 270s (avg 119s, ~5.4h left for 163 solves)
  [24/186] Solving Ah,Td,5c (weight 0.007602)...
      done in 267s (avg 119s, ~5.4h left for 162 solves)
  [25/186] Solving Jc,Jd,7c (weight 0.007602)...
      done in 193s (avg 120s, ~5.4h left for 161 solves)
  [26/186] Solving 9c,6c,6d (weight 0.007602)...
      done in 195s (avg 120s, ~5.3h left for 160 solves)
  [27/186] Solving Qc,Qd,8c (weight 0.007602)...
      done in 211s (avg 120s, ~5.3h left for 159 solves)
  [28/186] Solving Td,Th,7c (weight 0.007059)...
      done in 214s (avg 121s, ~5.3h left for 158 solves)
  [29/186] Solving Ac,Qc,7c (weight 0.006878)...
      done in 98s (avg 121s, ~5.3h left for 157 solves)
  [30/186] Solving Jc,8c,5c (weight 0.006516)...
      done in 88s (avg 121s, ~5.2h left for 156 solves)
  [31/186] Solving Jd,Jh,7c (weight 0.006516)...
      done in 213s (avg 121s, ~5.2h left for 155 solves)
  [32/186] Solving Qd,Qh,7c (weight 0.006516)...
      done in 233s (avg 121s, ~5.2h left for 154 solves)
  [33/186] Solving 8h,6c,6d (weight 0.006516)...
      done in 198s (avg 122s, ~5.2h left for 153 solves)
  [34/186] Solving 6h,4d,2c (weight 0.006516)...
      done in 292s (avg 122s, ~5.2h left for 152 solves)
  [35/186] Solving Qh,7d,3c (weight 0.006516)...
      done in 298s (avg 123s, ~5.2h left for 151 solves)
  [36/186] Solving Th,4d,2c (weight 0.006516)...
      done in 269s (avg 124s, ~5.2h left for 150 solves)
  [37/186] Solving 8h,4d,2c (weight 0.006516)...
      done in 267s (avg 124s, ~5.1h left for 149 solves)
  [38/186] Solving Kh,9d,5c (weight 0.006516)...
      done in 273s (avg 125s, ~5.1h left for 148 solves)
  [39/186] Solving Ah,Jd,3c (weight 0.006516)...
      done in 274s (avg 125s, ~5.1h left for 147 solves)
  [40/186] Solving Kh,9d,3c (weight 0.006516)...
      done in 305s (avg 126s, ~5.1h left for 146 solves)
  [41/186] Solving Ah,8d,6c (weight 0.006516)...
      done in 274s (avg 127s, ~5.1h left for 145 solves)
  [42/186] Solving Qh,Td,7c (weight 0.006516)...
      done in 247s (avg 127s, ~5.1h left for 144 solves)
  [43/186] Solving Kh,Jd,7c (weight 0.006516)...
      done in 248s (avg 128s, ~5.1h left for 143 solves)
  [44/186] Solving 8c,6c,6d (weight 0.006516)...
      done in 196s (avg 128s, ~5.0h left for 142 solves)
  [45/186] Solving Jd,7c,4c (weight 0.006516)...
      done in 163s (avg 128s, ~5.0h left for 141 solves)
  [46/186] Solving 6d,4c,3c (weight 0.006516)...
      done in 181s (avg 128s, ~5.0h left for 140 solves)
  [47/186] Solving Td,6c,5c (weight 0.006516)...
      done in 163s (avg 128s, ~5.0h left for 139 solves)
  [48/186] Solving Jd,Tc,7c (weight 0.006516)...
      done in 166s (avg 129s, ~4.9h left for 138 solves)
  [49/186] Solving Ad,8c,6c (weight 0.006516)...
      done in 165s (avg 129s, ~4.9h left for 137 solves)
  [50/186] Solving Ad,Qc,6c (weight 0.006516)...
      done in 184s (avg 129s, ~4.9h left for 136 solves)
  [51/186] Solving Kd,Qc,Tc (weight 0.006516)...
      done in 183s (avg 129s, ~4.8h left for 135 solves)
  [52/186] Solving Kd,Jc,6c (weight 0.006516)...
      done in 164s (avg 129s, ~4.8h left for 134 solves)
  [53/186] Solving Td,6c,3c (weight 0.006516)...
      done in 184s (avg 129s, ~4.8h left for 133 solves)
  [54/186] Solving 8d,6c,5c (weight 0.006516)...
      done in 182s (avg 130s, ~4.8h left for 132 solves)
  [55/186] Solving Kd,Tc,3c (weight 0.006516)...
      done in 183s (avg 130s, ~4.7h left for 131 solves)
  [56/186] Solving 9d,5c,4c (weight 0.006516)...
      done in 183s (avg 130s, ~4.7h left for 130 solves)
  [57/186] Solving Qd,7c,5c (weight 0.006516)...
      done in 167s (avg 130s, ~4.7h left for 129 solves)
  [58/186] Solving 9d,7c,5c (weight 0.006516)...
      done in 182s (avg 130s, ~4.6h left for 128 solves)
  [59/186] Solving 7d,5c,2c (weight 0.006516)...
      done in 185s (avg 131s, ~4.6h left for 127 solves)
  [60/186] Solving Ad,Qc,Tc (weight 0.006516)...
      done in 185s (avg 131s, ~4.6h left for 126 solves)
  [61/186] Solving Ad,Tc,8c (weight 0.006516)...
      done in 167s (avg 131s, ~4.5h left for 125 solves)
  [62/186] Solving Kd,Qc,3c (weight 0.006516)...
      done in 184s (avg 131s, ~4.5h left for 124 solves)
  [63/186] Solving Kd,Tc,8c (weight 0.006516)...
      done in 167s (avg 131s, ~4.5h left for 123 solves)
  [64/186] Solving Kc,Jc,6c (weight 0.006154)...
      done in 99s (avg 131s, ~4.4h left for 122 solves)
  [65/186] Solving Ac,Ad,Jc (weight 0.005973)...
      done in 202s (avg 131s, ~4.4h left for 121 solves)
  [66/186] Solving 7h,5c,5d (weight 0.005430)...
      done in 225s (avg 132s, ~4.4h left for 120 solves)
  [67/186] Solving Ah,Qc,Qd (weight 0.005430)...
      done in 243s (avg 132s, ~4.4h left for 119 solves)
  [68/186] Solving Th,9d,3c (weight 0.005430)...
      done in 292s (avg 133s, ~4.3h left for 118 solves)
  [69/186] Solving 8h,7d,5c (weight 0.005430)...
      done in 283s (avg 133s, ~4.3h left for 117 solves)
  [70/186] Solving Kh,Qd,Tc (weight 0.005430)...
      done in 279s (avg 134s, ~4.3h left for 116 solves)
  [71/186] Solving Kh,Jd,2c (weight 0.005430)...
      done in 275s (avg 134s, ~4.3h left for 115 solves)
  [72/186] Solving Ah,6d,5c (weight 0.005430)...
      done in 282s (avg 135s, ~4.3h left for 114 solves)
  [73/186] Solving Ah,Kd,3c (weight 0.005430)...
      done in 285s (avg 135s, ~4.2h left for 113 solves)
  [74/186] Solving Qh,9d,3c (weight 0.005430)...
      done in 281s (avg 136s, ~4.2h left for 112 solves)
  [75/186] Solving Kh,6d,2c (weight 0.005430)...
      done in 332s (avg 136s, ~4.2h left for 111 solves)
  [76/186] Solving Qh,Jd,5c (weight 0.005430)...
      done in 283s (avg 137s, ~4.2h left for 110 solves)
  [77/186] Solving Th,7d,3c (weight 0.005430)...
      done in 284s (avg 137s, ~4.2h left for 109 solves)
  [78/186] Solving Kh,4d,3c (weight 0.005430)...
      done in 316s (avg 138s, ~4.1h left for 108 solves)
  [79/186] Solving 9h,8d,3c (weight 0.005430)...
      done in 284s (avg 138s, ~4.1h left for 107 solves)
  [80/186] Solving Kh,9d,8c (weight 0.005430)...
      done in 284s (avg 139s, ~4.1h left for 106 solves)
  [81/186] Solving Jh,7d,3c (weight 0.005430)...
      done in 314s (avg 140s, ~4.1h left for 105 solves)
  [82/186] Solving Qh,7d,6c (weight 0.005430)...
      done in 258s (avg 140s, ~4.0h left for 104 solves)
  [83/186] Solving 9h,8d,6c (weight 0.005430)...
      done in 283s (avg 140s, ~4.0h left for 103 solves)
  [84/186] Solving Ah,6d,3c (weight 0.005430)...
      done in 314s (avg 141s, ~4.0h left for 102 solves)
  [85/186] Solving Kh,Qd,5c (weight 0.005430)...
      done in 285s (avg 141s, ~4.0h left for 101 solves)
  [86/186] Solving Ah,Qd,9c (weight 0.005430)...
      done in 290s (avg 142s, ~3.9h left for 100 solves)
  [87/186] Solving Th,8d,5c (weight 0.005430)...
      done in 260s (avg 142s, ~3.9h left for 99 solves)
  [88/186] Solving Kc,Kd,4c (weight 0.005430)...
      done in 228s (avg 143s, ~3.9h left for 98 solves)
  [89/186] Solving 7c,5c,5d (weight 0.005430)...
      done in 211s (avg 143s, ~3.8h left for 97 solves)
  [90/186] Solving Kc,Kd,Tc (weight 0.005430)...
      done in 212s (avg 143s, ~3.8h left for 96 solves)
  [91/186] Solving Tc,Td,6c (weight 0.005430)...
      done in 229s (avg 143s, ~3.8h left for 95 solves)
  [92/186] Solving Qc,4c,4d (weight 0.005430)...
      done in 229s (avg 144s, ~3.8h left for 94 solves)
  [93/186] Solving Ac,7c,4c (weight 0.005068)...
      done in 108s (avg 144s, ~3.7h left for 93 solves)
  [94/186] Solving Tc,7c,4c (weight 0.005068)...
      done in 109s (avg 143s, ~3.7h left for 92 solves)
  [95/186] Solving Kh,Jc,Jd (weight 0.004887)...
      done in 235s (avg 144s, ~3.6h left for 91 solves)
  [96/186] Solving Jh,4c,4d (weight 0.004887)...
      done in 255s (avg 144s, ~3.6h left for 90 solves)
  [97/186] Solving Kd,8c,3c (weight 0.004887)...
      done in 197s (avg 144s, ~3.6h left for 89 solves)
  [98/186] Solving 8d,4c,3c (weight 0.004887)...
      done in 196s (avg 144s, ~3.5h left for 88 solves)
  [99/186] Solving Ad,Jc,8c (weight 0.004887)...
      done in 180s (avg 145s, ~3.5h left for 87 solves)
  [100/186] Solving Td,8c,3c (weight 0.004887)...
      done in 178s (avg 145s, ~3.5h left for 86 solves)
  [101/186] Solving Kd,Tc,7c (weight 0.004887)...
      done in 178s (avg 145s, ~3.4h left for 85 solves)
  [102/186] Solving Qd,9c,8c (weight 0.004887)...
      done in 198s (avg 145s, ~3.4h left for 84 solves)
  [103/186] Solving Ad,Jc,3c (weight 0.004887)...
      done in 199s (avg 145s, ~3.3h left for 83 solves)
  [104/186] Solving 9d,4c,3c (weight 0.004887)...
      done in 199s (avg 145s, ~3.3h left for 82 solves)
  [105/186] Solving 7d,4c,3c (weight 0.004887)...
      done in 218s (avg 145s, ~3.3h left for 81 solves)
  [106/186] Solving 5d,4c,3c (weight 0.004887)...
      done in 236s (avg 146s, ~3.2h left for 80 solves)
  [107/186] Solving Kd,Qc,5c (weight 0.004887)...
      done in 199s (avg 146s, ~3.2h left for 79 solves)
  [108/186] Solving Qd,4c,3c (weight 0.004887)...
      done in 200s (avg 146s, ~3.2h left for 78 solves)
  [109/186] Solving Qd,8c,5c (weight 0.004887)...
      done in 199s (avg 146s, ~3.1h left for 77 solves)
  [110/186] Solving Jd,4c,3c (weight 0.004887)...
      done in 199s (avg 146s, ~3.1h left for 76 solves)
  [111/186] Solving Jd,Tc,3c (weight 0.004887)...
      done in 200s (avg 147s, ~3.1h left for 75 solves)
  [112/186] Solving Td,7c,4c (weight 0.004887)...
      done in 178s (avg 147s, ~3.0h left for 74 solves)
  [113/186] Solving Qd,Jc,3c (weight 0.004887)...
      done in 197s (avg 147s, ~3.0h left for 73 solves)
  [114/186] Solving Kd,6c,5c (weight 0.004887)...
      done in 198s (avg 147s, ~2.9h left for 72 solves)
  [115/186] Solving Ad,Tc,3c (weight 0.004887)...
      done in 199s (avg 147s, ~2.9h left for 71 solves)
  [116/186] Solving Ad,Kc,3c (weight 0.004887)...
      done in 201s (avg 147s, ~2.9h left for 70 solves)
  [117/186] Solving Qd,Tc,3c (weight 0.004887)...
      done in 199s (avg 147s, ~2.8h left for 69 solves)
  [118/186] Solving Jd,Tc,9c (weight 0.004887)...
      done in 178s (avg 148s, ~2.8h left for 68 solves)
  [119/186] Solving 7d,6c,5c (weight 0.004887)...
      done in 217s (avg 148s, ~2.7h left for 67 solves)
  [120/186] Solving Ad,Kc,Jc (weight 0.004887)...
      done in 258s (avg 148s, ~2.7h left for 66 solves)
  [121/186] Solving Kd,4c,3c (weight 0.004887)...
      done in 201s (avg 148s, ~2.7h left for 65 solves)
  [122/186] Solving Td,9c,8c (weight 0.004887)...
      done in 198s (avg 148s, ~2.6h left for 64 solves)
  [123/186] Solving Ad,Tc,6c (weight 0.004887)...
      done in 203s (avg 149s, ~2.6h left for 63 solves)
  [124/186] Solving Jd,8c,7c (weight 0.004887)...
      done in 203s (avg 149s, ~2.6h left for 62 solves)
  [125/186] Solving Td,4c,3c (weight 0.004887)...
      done in 201s (avg 149s, ~2.5h left for 61 solves)
  [126/186] Solving Kd,9c,4c (weight 0.004887)...
      done in 201s (avg 149s, ~2.5h left for 60 solves)
  [127/186] Solving Ad,9c,3c (weight 0.004887)...
      done in 206s (avg 149s, ~2.4h left for 59 solves)
  [128/186] Solving Jd,8c,3c (weight 0.004887)...
      done in 209s (avg 149s, ~2.4h left for 58 solves)
  [129/186] Solving Ad,Kc,6c (weight 0.004887)...
      done in 209s (avg 150s, ~2.4h left for 57 solves)
  [130/186] Solving 8d,5c,3c (weight 0.004887)...
      done in 186s (avg 150s, ~2.3h left for 56 solves)
  [131/186] Solving Jd,6c,3c (weight 0.004887)...
      done in 208s (avg 150s, ~2.3h left for 55 solves)
  [132/186] Solving Ad,Kc,8c (weight 0.004887)...
      done in 189s (avg 150s, ~2.2h left for 54 solves)
  [133/186] Solving Jd,9c,4c (weight 0.004887)...
      done in 188s (avg 150s, ~2.2h left for 53 solves)
  [134/186] Solving Qd,7c,3c (weight 0.004887)...
      done in 209s (avg 150s, ~2.2h left for 52 solves)
  [135/186] Solving Ad,Qc,3c (weight 0.004887)...
      done in 210s (avg 150s, ~2.1h left for 51 solves)
  [136/186] Solving Jd,6c,4c (weight 0.004887)...
      done in 189s (avg 150s, ~2.1h left for 50 solves)
  [137/186] Solving Td,9c,3c (weight 0.004887)...
      done in 189s (avg 151s, ~2.0h left for 49 solves)
  [138/186] Solving 9d,6c,3c (weight 0.004887)...
      done in 209s (avg 151s, ~2.0h left for 48 solves)
  [139/186] Solving Qd,Tc,8c (weight 0.004887)...
      done in 209s (avg 151s, ~2.0h left for 47 solves)
  [140/186] Solving Ad,8c,3c (weight 0.004887)...
      done in 230s (avg 151s, ~1.9h left for 46 solves)
  [141/186] Solving 8c,6c,4c (weight 0.004525)...
      done in 116s (avg 151s, ~1.9h left for 45 solves)
  [142/186] Solving Qh,6c,6d (weight 0.004344)...
      done in 252s (avg 151s, ~1.8h left for 44 solves)
  [143/186] Solving Th,7d,5c (weight 0.004344)...
      done in 287s (avg 152s, ~1.8h left for 43 solves)
  [144/186] Solving Qh,9d,6c (weight 0.004344)...
      done in 286s (avg 152s, ~1.8h left for 42 solves)
  [145/186] Solving Ah,Jd,8c (weight 0.004344)...
      done in 287s (avg 152s, ~1.7h left for 41 solves)
  [146/186] Solving Jh,5d,3c (weight 0.004344)...
      done in 326s (avg 153s, ~1.7h left for 40 solves)
  [147/186] Solving 8h,7d,3c (weight 0.004344)...
      done in 319s (avg 153s, ~1.7h left for 39 solves)
  [148/186] Solving Qh,Jd,3c (weight 0.004344)...
      done in 319s (avg 154s, ~1.6h left for 38 solves)
  [149/186] Solving Ac,5c,5d (weight 0.004344)...
      done in 228s (avg 154s, ~1.6h left for 37 solves)
  [150/186] Solving 6c,4c,4d (weight 0.004344)...
      done in 249s (avg 154s, ~1.5h left for 36 solves)
  [151/186] Solving Kc,6c,3c (weight 0.003801)...
      done in 107s (avg 154s, ~1.5h left for 35 solves)
  [152/186] Solving 9c,6c,3c (weight 0.003801)...
      done in 117s (avg 154s, ~1.5h left for 34 solves)
  [153/186] Solving Ad,Ah,5c (weight 0.003801)...
      done in 281s (avg 154s, ~1.4h left for 33 solves)
  [154/186] Solving Kd,Kh,5c (weight 0.003801)...
      done in 281s (avg 155s, ~1.4h left for 32 solves)
  [155/186] Solving Ah,5c,5d (weight 0.003801)...
      done in 280s (avg 155s, ~1.3h left for 31 solves)
  [156/186] Solving Kc,5c,5d (weight 0.003801)...
      done in 230s (avg 155s, ~1.3h left for 30 solves)
  [157/186] Solving 4h,3c,3d (weight 0.003258)...
      done in 280s (avg 156s, ~1.3h left for 29 solves)
  [158/186] Solving Kh,4c,4d (weight 0.003258)...
      done in 256s (avg 156s, ~1.2h left for 28 solves)
  [159/186] Solving Ah,Jd,Tc (weight 0.003258)...
      done in 320s (avg 156s, ~1.2h left for 27 solves)
  [160/186] Solving 7h,4d,3c (weight 0.003258)...
      done in 383s (avg 157s, ~1.1h left for 26 solves)
  [161/186] Solving Qh,Jd,Tc (weight 0.003258)...
      done in 349s (avg 157s, ~1.1h left for 25 solves)
  [162/186] Solving 5h,4d,3c (weight 0.003258)...
      done in 390s (avg 158s, ~1.1h left for 24 solves)
  [163/186] Solving Jh,Td,3c (weight 0.003258)...
      done in 322s (avg 158s, ~1.0h left for 23 solves)
  [164/186] Solving 9h,4d,3c (weight 0.003258)...
      done in 353s (avg 159s, ~1.0h left for 22 solves)
  [165/186] Solving Ah,4d,3c (weight 0.003258)...
      done in 353s (avg 160s, ~0.9h left for 21 solves)
  [166/186] Solving Ah,Kd,Qc (weight 0.003258)...
      done in 352s (avg 160s, ~0.9h left for 20 solves)
  [167/186] Solving Th,9d,8c (weight 0.003258)...
      done in 321s (avg 160s, ~0.8h left for 19 solves)
  [168/186] Solving Tc,5c,5d (weight 0.003258)...
      done in 232s (avg 161s, ~0.8h left for 18 solves)
  [169/186] Solving 4c,3c,3d (weight 0.003258)...
      done in 254s (avg 161s, ~0.8h left for 17 solves)
  [170/186] Solving 5c,4c,4d (weight 0.003258)...
      done in 251s (avg 161s, ~0.7h left for 16 solves)
  [171/186] Solving 9d,7c,6c (weight 0.003258)...
      done in 213s (avg 161s, ~0.7h left for 15 solves)
  [172/186] Solving Kd,5c,2c (weight 0.003258)...
      done in 228s (avg 161s, ~0.6h left for 14 solves)
  [173/186] Solving Qd,Jc,6c (weight 0.003258)...
      done in 209s (avg 162s, ~0.6h left for 13 solves)
  [174/186] Solving Ad,Qc,8c (weight 0.003258)...
      done in 191s (avg 162s, ~0.5h left for 12 solves)
  [175/186] Solving Qd,Jc,9c (weight 0.003258)...
      done in 213s (avg 162s, ~0.5h left for 11 solves)
  [176/186] Solving Jd,Tc,5c (weight 0.003258)...
      done in 210s (avg 162s, ~0.4h left for 10 solves)
  [177/186] Solving Qd,Jc,8c (weight 0.003258)...
      done in 190s (avg 162s, ~0.4h left for 9 solves)
  [178/186] Solving Jd,5c,4c (weight 0.003258)...
      done in 189s (avg 162s, ~0.4h left for 8 solves)
  [179/186] Solving 6d,5c,2c (weight 0.003258)...
      done in 209s (avg 162s, ~0.3h left for 7 solves)
  [180/186] Solving Qd,9c,6c (weight 0.003258)...
      done in 189s (avg 162s, ~0.3h left for 6 solves)
  [181/186] Solving Qd,Tc,5c (weight 0.003258)...
      done in 191s (avg 162s, ~0.2h left for 5 solves)
  [182/186] Solving 8c,8d,8h (weight 0.002353)...
      done in 139s (avg 162s, ~0.2h left for 4 solves)
  [183/186] Solving Jh,3d,2c (weight 0.002172)...
      done in 342s (avg 163s, ~0.1h left for 3 solves)
  [184/186] Solving 5c,4c,2c (weight 0.001810)...
      done in 128s (avg 163s, ~0.1h left for 2 solves)
  [185/186] Solving 4d,3c,2c (weight 0.001629)...
      done in 225s (avg 163s, ~0.0h left for 1 solves)
  [186/186] Solving 4h,3d,2c (weight 0.001086)...
      done in 367s (avg 163s, ~0.0h left for 0 solves)

All clusters processed. Results are in resources/outputs/programmatic

4 solve(s) needed the no-isomorphism retry (still complete):
  HU_limp_raised  Ah,Kd,3c
  HU_limp_raised  Ah,6d,3c
  HU_limp_raised  Ac,7c,4c
  HU_limp_raised  Ah,Kd,Qc
