Loaded 186 flops for simulation.
Scenarios: BTN_vs_BB, CO_vs_BB, SB_vs_BB  (475 solves to run)

Processing Scenario: BTN_vs_BB  (folds to BTN, BTN opens 2.5bb, SB folds, BB calls)
  [84/186] Solving Ah,6d,3c (weight 0.005430)...
      done in 192s (avg 192s, ~25.3h left for 474 solves)
  [85/186] Solving Kh,Qd,5c (weight 0.005430)...
      done in 226s (avg 209s, ~27.5h left for 473 solves)
  [86/186] Solving Ah,Qd,9c (weight 0.005430)...
      done in 210s (avg 209s, ~27.5h left for 472 solves)
  [87/186] Solving Th,8d,5c (weight 0.005430)...
      done in 198s (avg 206s, ~27.0h left for 471 solves)
  [88/186] Solving Kc,Kd,4c (weight 0.005430)...
      done in 193s (avg 204s, ~26.6h left for 470 solves)
  [89/186] Solving 7c,5c,5d (weight 0.005430)...
      done in 196s (avg 202s, ~26.4h left for 469 solves)
  [90/186] Solving Kc,Kd,Tc (weight 0.005430)...
      done in 156s (avg 196s, ~25.5h left for 468 solves)
  [91/186] Solving Tc,Td,6c (weight 0.005430)...
      done in 193s (avg 195s, ~25.3h left for 467 solves)
  [92/186] Solving Qc,4c,4d (weight 0.005430)...
      done in 163s (avg 192s, ~24.8h left for 466 solves)
  [93/186] Solving Ac,7c,4c (weight 0.005068)...
      done in 78s (avg 180s, ~23.3h left for 465 solves)
  [94/186] Solving Tc,7c,4c (weight 0.005068)...
      done in 79s (avg 171s, ~22.1h left for 464 solves)
  [95/186] Solving Kh,Jc,Jd (weight 0.004887)...
      done in 215s (avg 175s, ~22.5h left for 463 solves)
  [96/186] Solving Jh,4c,4d (weight 0.004887)...
      done in 206s (avg 177s, ~22.7h left for 462 solves)
  [97/186] Solving Kd,8c,3c (weight 0.004887)...
      done in 192s (avg 178s, ~22.8h left for 461 solves)
  [98/186] Solving 8d,4c,3c (weight 0.004887)...
      done in 161s (avg 177s, ~22.6h left for 460 solves)
  [99/186] Solving Ad,Jc,8c (weight 0.004887)...
      done in 112s (avg 173s, ~22.1h left for 459 solves)
  [100/186] Solving Td,8c,3c (weight 0.004887)...
      done in 144s (avg 171s, ~21.8h left for 458 solves)
  [101/186] Solving Kd,Tc,7c (weight 0.004887)...
      done in 118s (avg 168s, ~21.4h left for 457 solves)
  [102/186] Solving Qd,9c,8c (weight 0.004887)...
      done in 130s (avg 166s, ~21.1h left for 456 solves)
  [103/186] Solving Ad,Jc,3c (weight 0.004887)...
      done in 142s (avg 165s, ~20.9h left for 455 solves)
  [104/186] Solving 9d,4c,3c (weight 0.004887)...
      done in 149s (avg 164s, ~20.7h left for 454 solves)
  [105/186] Solving 7d,4c,3c (weight 0.004887)...
      done in 189s (avg 166s, ~20.8h left for 453 solves)
  [106/186] Solving 5d,4c,3c (weight 0.004887)...
      done in 150s (avg 165s, ~20.7h left for 452 solves)
  [107/186] Solving Kd,Qc,5c (weight 0.004887)...
      done in 137s (avg 164s, ~20.5h left for 451 solves)
  [108/186] Solving Qd,4c,3c (weight 0.004887)...
      done in 179s (avg 164s, ~20.5h left for 450 solves)
  [109/186] Solving Qd,8c,5c (weight 0.004887)...
      done in 150s (avg 164s, ~20.4h left for 449 solves)
  [110/186] Solving Jd,4c,3c (weight 0.004887)...
      done in 178s (avg 164s, ~20.5h left for 448 solves)
  [111/186] Solving Jd,Tc,3c (weight 0.004887)...
      done in 132s (avg 163s, ~20.3h left for 447 solves)
  [112/186] Solving Td,7c,4c (weight 0.004887)...
      done in 158s (avg 163s, ~20.2h left for 446 solves)
  [113/186] Solving Qd,Jc,3c (weight 0.004887)...
      done in 140s (avg 162s, ~20.1h left for 445 solves)
  [114/186] Solving Kd,6c,5c (weight 0.004887)...
      done in 167s (avg 162s, ~20.0h left for 444 solves)
  [115/186] Solving Ad,Tc,3c (weight 0.004887)...
      done in 188s (avg 163s, ~20.1h left for 443 solves)
  [116/186] Solving Ad,Kc,3c (weight 0.004887)...
      done in 199s (avg 164s, ~20.2h left for 442 solves)
  [117/186] Solving Qd,Tc,3c (weight 0.004887)...
      done in 156s (avg 164s, ~20.1h left for 441 solves)
  [118/186] Solving Jd,Tc,9c (weight 0.004887)...
      done in 133s (avg 163s, ~19.9h left for 440 solves)
  [119/186] Solving 7d,6c,5c (weight 0.004887)...
      done in 171s (avg 163s, ~19.9h left for 439 solves)
  [120/186] Solving Ad,Kc,Jc (weight 0.004887)...
      done in 141s (avg 163s, ~19.8h left for 438 solves)
  [121/186] Solving Kd,4c,3c (weight 0.004887)...
